
  COUNT(*)                                                                      
----------                                                                      
   1179981                                                                      

Elapsed: 00:00:00.09

  COUNT(*)                                                                      
----------                                                                      
   1179981                                                                      

Elapsed: 00:00:00.09

  COUNT(*)                                                                      
----------                                                                      
   1179981                                                                      

Elapsed: 00:00:00.19

  COUNT(*)                                                                      
----------                                                                      
   1179981                                                                      

Elapsed: 00:00:00.15

  COUNT(*)                                                                      
----------                                                                      
   1179981                                                                      

Elapsed: 00:00:00.22

  COUNT(*)                                                                      
----------                                                                      
   1179981                                                                      

Elapsed: 00:00:00.19

  COUNT(*)                                                                      
----------                                                                      
   1147741                                                                      

Elapsed: 00:00:00.90

  COUNT(*)                                                                      
----------                                                                      
   1140716                                                                      

Elapsed: 00:00:00.17

  COUNT(*)                                                                      
----------                                                                      
   1114769                                                                      

Elapsed: 00:00:00.31
